// Vitest Snapshot v1, https://vitest.dev/guide/snapshot.html

exports[`members should match snapshots 1`] = `
{
  "DOMLint": [Function],
}
`;
